185:../src/tapered.lua
0 113 113 113 113 113 113 0 113 113 113 113 113 0 0 0 0 0 1117 1230 0 0 0 0 0 0 0 0 0 0 0 113 0 0 0 0 0 446 303 303 0 0 0 379 272 0 0 107 113 0 0 0 0 465 465 465 0 0 0 0 0 242 242 63 0 179 0 113 0 0 0 113 113 113 0 0 716 793 0 0 716 802 0 0 0 0 716 0 716 704 0 12 0 0 716 0 716 437 0 279 279 279 558 279 0 0 716 829 0 0 77 190 0 0 18 131 0 0 144 257 0 0 153 266 0 0 180 293 0 0 54 167 0 0 27 140 0 0 18 131 0 0 18 131 0 0 27 27 27 27 18 0 140 0 0 104 104 99 5 5 5 7 8 3 68 110 39 74 113 113 113 113 113 113 113 113 113 113 113 113 113 113 113 113 39 
